root
 ├── child1
 ├─┬ child2
 │ ├── grandchild1
 │ └── grandchild2
 └── child3
