// Jest Snapshot v1, https://goo.gl/fbAQLP

exports[`TypeSystem.assemblies lists all the loaded assemblies 1`] = `
Array [
  "@scope/jsii-calc-base",
  "@scope/jsii-calc-base-of-base",
  "@scope/jsii-calc-lib",
  "jsii-calc",
]
`;

exports[`TypeSystem.classes lists all the classes in the typesystem 1`] = `
Array [
  "@scope/jsii-calc-base-of-base.Very",
  "@scope/jsii-calc-base.Base",
  "@scope/jsii-calc-lib.Number",
  "@scope/jsii-calc-lib.Operation",
  "@scope/jsii-calc-lib.Value",
  "@scope/jsii-calc-lib.submodule.Reflector",
  "jsii-calc.AbstractClass",
  "jsii-calc.AbstractClassBase",
  "jsii-calc.AbstractClassReturner",
  "jsii-calc.AbstractSuite",
  "jsii-calc.Add",
  "jsii-calc.AllTypes",
  "jsii-calc.AllowedMethodNames",
  "jsii-calc.AmbiguousParameters",
  "jsii-calc.AnonymousImplementationProvider",
  "jsii-calc.AsyncVirtualMethods",
  "jsii-calc.AugmentableClass",
  "jsii-calc.BaseJsii976",
  "jsii-calc.Bell",
  "jsii-calc.BinaryOperation",
  "jsii-calc.Calculator",
  "jsii-calc.ClassThatImplementsTheInternalInterface",
  "jsii-calc.ClassThatImplementsThePrivateInterface",
  "jsii-calc.ClassWithCollections",
  "jsii-calc.ClassWithDocs",
  "jsii-calc.ClassWithJavaReservedWords",
  "jsii-calc.ClassWithMutableObjectLiteralProperty",
  "jsii-calc.ClassWithPrivateConstructorAndAutomaticProperties",
  "jsii-calc.ConfusingToJackson",
  "jsii-calc.ConstructorPassesThisOut",
  "jsii-calc.Constructors",
  "jsii-calc.ConsumePureInterface",
  "jsii-calc.ConsumerCanRingBell",
  "jsii-calc.ConsumersOfThisCrazyTypeSystem",
  "jsii-calc.DataRenderer",
  "jsii-calc.DefaultedConstructorArgument",
  "jsii-calc.Demonstrate982",
  "jsii-calc.DeprecatedClass",
  "jsii-calc.DerivedClassHasNoProperties.Base",
  "jsii-calc.DerivedClassHasNoProperties.Derived",
  "jsii-calc.DisappointingCollectionSource",
  "jsii-calc.DoNotOverridePrivates",
  "jsii-calc.DoNotRecognizeAnyAsOptional",
  "jsii-calc.DocumentedClass",
  "jsii-calc.DontComplainAboutVariadicAfterOptional",
  "jsii-calc.DoubleTrouble",
  "jsii-calc.EnumDispenser",
  "jsii-calc.EraseUndefinedHashValues",
  "jsii-calc.ExperimentalClass",
  "jsii-calc.ExportedBaseClass",
  "jsii-calc.ExternalClass",
  "jsii-calc.GiveMeStructs",
  "jsii-calc.GreetingAugmenter",
  "jsii-calc.ImplementInternalInterface",
  "jsii-calc.Implementation",
  "jsii-calc.ImplementsInterfaceWithInternal",
  "jsii-calc.ImplementsInterfaceWithInternalSubclass",
  "jsii-calc.ImplementsPrivateInterface",
  "jsii-calc.InbetweenClass",
  "jsii-calc.InterfaceCollections",
  "jsii-calc.InterfaceInNamespaceIncludesClasses.Foo",
  "jsii-calc.InterfacesMaker",
  "jsii-calc.JSII417Derived",
  "jsii-calc.JSII417PublicBaseOfBase",
  "jsii-calc.JSObjectLiteralForInterface",
  "jsii-calc.JSObjectLiteralToNative",
  "jsii-calc.JSObjectLiteralToNativeClass",
  "jsii-calc.JavaReservedWords",
  "jsii-calc.Jsii487Derived",
  "jsii-calc.Jsii496Derived",
  "jsii-calc.JsiiAgent",
  "jsii-calc.JsonFormatter",
  "jsii-calc.MethodNamedProperty",
  "jsii-calc.Multiply",
  "jsii-calc.Negate",
  "jsii-calc.NodeStandardLibrary",
  "jsii-calc.NullShouldBeTreatedAsUndefined",
  "jsii-calc.NumberGenerator",
  "jsii-calc.ObjectRefsInCollections",
  "jsii-calc.ObjectWithPropertyProvider",
  "jsii-calc.Old",
  "jsii-calc.OptionalArgumentInvoker",
  "jsii-calc.OptionalConstructorArgument",
  "jsii-calc.OptionalStructConsumer",
  "jsii-calc.OverridableProtectedMember",
  "jsii-calc.OverrideReturnsObject",
  "jsii-calc.PartiallyInitializedThisConsumer",
  "jsii-calc.Polymorphism",
  "jsii-calc.Power",
  "jsii-calc.PropertyNamedProperty",
  "jsii-calc.PublicClass",
  "jsii-calc.PythonReservedWords",
  "jsii-calc.ReferenceEnumFromScopedPackage",
  "jsii-calc.ReturnsPrivateImplementationOfInterface",
  "jsii-calc.RootStructValidator",
  "jsii-calc.RuntimeTypeChecking",
  "jsii-calc.SingleInstanceTwoTypes",
  "jsii-calc.SingletonInt",
  "jsii-calc.SingletonString",
  "jsii-calc.SomeTypeJsii976",
  "jsii-calc.StableClass",
  "jsii-calc.StaticContext",
  "jsii-calc.Statics",
  "jsii-calc.StripInternal",
  "jsii-calc.StructPassing",
  "jsii-calc.StructUnionConsumer",
  "jsii-calc.Sum",
  "jsii-calc.SupportsNiceJavaBuilder",
  "jsii-calc.SupportsNiceJavaBuilderWithRequiredProps",
  "jsii-calc.SyncVirtualMethods",
  "jsii-calc.Thrower",
  "jsii-calc.UnaryOperation",
  "jsii-calc.UpcasingReflectable",
  "jsii-calc.UseBundledDependency",
  "jsii-calc.UseCalcBase",
  "jsii-calc.UsesInterfaceWithProperties",
  "jsii-calc.VariadicInvoker",
  "jsii-calc.VariadicMethod",
  "jsii-calc.VirtualMethodPlayground",
  "jsii-calc.VoidCallback",
  "jsii-calc.WithPrivatePropertyInConstructor",
  "jsii-calc.composition.CompositeOperation",
  "jsii-calc.submodule.MyClass",
  "jsii-calc.submodule.nested_submodule.Namespaced",
]
`;

exports[`findClass 1`] = `
"typeName from Calculator
toString from Calculator
add from Calculator
mul from Calculator
neg from Calculator
pow from Calculator
readUnionValue from Calculator"
`;
