@scope/jsii-calc-base
@scope/jsii-calc-base-of-base
@scope/jsii-calc-lib
jsii-calc