AbstractClass
AbstractClassBase
AbstractClassReturner
Add
AllTypes
AllowedMethodNames
AsyncVirtualMethods
AugmentableClass
Base
Base
BinaryOperation
Calculator
ClassThatImplementsTheInternalInterface
ClassThatImplementsThePrivateInterface
ClassWithMutableObjectLiteralProperty
ClassWithPrivateConstructorAndAutomaticProperties
CompositeOperation
Constructors
ConsumersOfThisCrazyTypeSystem
DefaultedConstructorArgument
Derived
DoNotOverridePrivates
DoNotRecognizeAnyAsOptional
DontComplainAboutVariadicAfterOptional
DoubleTrouble
EraseUndefinedHashValues
ExportedBaseClass
Foo
GiveMeStructs
GreetingAugmenter
ImplementInternalInterface
ImplementsInterfaceWithInternal
ImplementsInterfaceWithInternalSubclass
ImplementsPrivateInterface
InbetweenClass
JSObjectLiteralForInterface
JSObjectLiteralToNative
JSObjectLiteralToNativeClass
JavaReservedWords
JsiiAgent
Multiply
Negate
NodeStandardLibrary
NullShouldBeTreatedAsUndefined
Number
NumberGenerator
ObjectRefsInCollections
Operation
OptionalConstructorArgument
OverrideReturnsObject
Polymorphism
Power
PublicClass
PythonReservedWords
ReferenceEnumFromScopedPackage
ReturnsPrivateImplementationOfInterface
RuntimeTypeChecking
Statics
StripInternal
Sum
SyncVirtualMethods
Thrower
UnaryOperation
UseBundledDependency
UseCalcBase
UsesInterfaceWithProperties
Value
VariadicMethod
Very
VirtualMethodPlayground