typeName from Base
toString from CompositeOperation
add from Calculator
mul from Calculator
neg from Calculator
pow from Calculator
readUnionValue from Calculator