assemblies
 ├─┬ jsii-calc
 │ └─┬ types
 │   ├─┬ class AbstractClass
 │   │ ├── base: AbstractClassBase
 │   │ └── interfaces: InterfaceImplementedByAbstractClass
 │   ├── class AbstractClassBase
 │   ├── class AbstractClassReturner
 │   ├─┬ class Add
 │   │ └── base: BinaryOperation
 │   ├── class AllTypes
 │   ├── class AllowedMethodNames
 │   ├── class AsyncVirtualMethods
 │   ├── class AugmentableClass
 │   ├─┬ class BinaryOperation
 │   │ ├── base: Operation
 │   │ └── interfaces: IFriendly
 │   ├─┬ class Calculator
 │   │ └── base: CompositeOperation
 │   ├─┬ class ClassThatImplementsTheInternalInterface
 │   │ └── interfaces: INonInternalInterface
 │   ├─┬ class ClassThatImplementsThePrivateInterface
 │   │ └── interfaces: INonInternalInterface
 │   ├── class ClassWithMutableObjectLiteralProperty
 │   ├─┬ class ClassWithPrivateConstructorAndAutomaticProperties
 │   │ └── interfaces: IInterfaceWithProperties
 │   ├── class Constructors
 │   ├── class ConsumersOfThisCrazyTypeSystem
 │   ├── class DefaultedConstructorArgument
 │   ├── class Base
 │   ├─┬ class Derived
 │   │ └── base: Base
 │   ├── class DoNotOverridePrivates
 │   ├── class DoNotRecognizeAnyAsOptional
 │   ├── class DontComplainAboutVariadicAfterOptional
 │   ├─┬ class DoubleTrouble
 │   │ └── interfaces: IFriendlyRandomGenerator
 │   ├── class EraseUndefinedHashValues
 │   ├── class ExportedBaseClass
 │   ├── class GiveMeStructs
 │   ├── class GreetingAugmenter
 │   ├── class ImplementInternalInterface
 │   ├─┬ class ImplementsInterfaceWithInternal
 │   │ └── interfaces: IInterfaceWithInternal
 │   ├─┬ class ImplementsInterfaceWithInternalSubclass
 │   │ └── base: ImplementsInterfaceWithInternal
 │   ├── class ImplementsPrivateInterface
 │   ├─┬ class InbetweenClass
 │   │ └── base: PublicClass
 │   ├── class Foo
 │   ├── class JSObjectLiteralForInterface
 │   ├── class JSObjectLiteralToNative
 │   ├── class JSObjectLiteralToNativeClass
 │   ├── class JavaReservedWords
 │   ├── class JsiiAgent
 │   ├─┬ class Multiply
 │   │ ├── base: BinaryOperation
 │   │ └── interfaces: IFriendlier,IRandomNumberGenerator
 │   ├─┬ class Negate
 │   │ ├── base: UnaryOperation
 │   │ └── interfaces: IFriendlier
 │   ├── class NodeStandardLibrary
 │   ├── class NullShouldBeTreatedAsUndefined
 │   ├── class NumberGenerator
 │   ├── class ObjectRefsInCollections
 │   ├── class OptionalConstructorArgument
 │   ├── class OverrideReturnsObject
 │   ├── class Polymorphism
 │   ├─┬ class Power
 │   │ └── base: CompositeOperation
 │   ├── class PublicClass
 │   ├── class PythonReservedWords
 │   ├── class ReferenceEnumFromScopedPackage
 │   ├── class ReturnsPrivateImplementationOfInterface
 │   ├── class RuntimeTypeChecking
 │   ├── class Statics
 │   ├── class StripInternal
 │   ├─┬ class Sum
 │   │ └── base: CompositeOperation
 │   ├── class SyncVirtualMethods
 │   ├── class Thrower
 │   ├─┬ class UnaryOperation
 │   │ └── base: Operation
 │   ├── class UseBundledDependency
 │   ├── class UseCalcBase
 │   ├── class UsesInterfaceWithProperties
 │   ├── class VariadicMethod
 │   ├── class VirtualMethodPlayground
 │   ├─┬ class CompositeOperation
 │   │ └── base: Operation
 │   ├── interface CalculatorProps
 │   ├─┬ interface DerivedStruct
 │   │ └─┬ interfaces
 │   │   └── MyFirstStruct
 │   ├── interface EraseUndefinedHashValuesOptions
 │   ├── interface ExtendsInternalInterface
 │   ├── interface ExtendsPrivateInterface
 │   ├── interface IAnotherPublicInterface
 │   ├─┬ interface IFriendlier
 │   │ └─┬ interfaces
 │   │   └── IFriendly
 │   ├─┬ interface IFriendlyRandomGenerator
 │   │ └─┬ interfaces
 │   │   ├── IRandomNumberGenerator
 │   │   └── IFriendly
 │   ├─┬ interface IInterfaceThatShouldNotBeADataType
 │   │ └─┬ interfaces
 │   │   └── IInterfaceWithMethods
 │   ├── interface IInterfaceWithInternal
 │   ├── interface IInterfaceWithMethods
 │   ├── interface IInterfaceWithOptionalMethodArguments
 │   ├── interface IInterfaceWithProperties
 │   ├─┬ interface IInterfaceWithPropertiesExtension
 │   │ └─┬ interfaces
 │   │   └── IInterfaceWithProperties
 │   ├── interface IMutableObjectLiteral
 │   ├─┬ interface INonInternalInterface
 │   │ └─┬ interfaces
 │   │   └── IAnotherPublicInterface
 │   ├── interface IPrivatelyImplemented
 │   ├── interface IPublicInterface
 │   ├── interface IRandomNumberGenerator
 │   ├── interface IReturnsNumber
 │   ├─┬ interface ImplictBaseOfBase
 │   │ └─┬ interfaces
 │   │   └── BaseProps
 │   ├── interface InterfaceImplementedByAbstractClass
 │   ├── interface Hello
 │   ├── interface Hello
 │   ├── interface LoadBalancedFargateServiceProps
 │   ├── interface NullShouldBeTreatedAsUndefinedData
 │   ├── interface UnionProperties
 │   ├── enum AllTypesEnum
 │   ├── enum StringEnum
 │   └── enum CompositionStringStyle
 ├─┬ @scope/jsii-calc-base
 │ └─┬ types
 │   ├── class Base
 │   └─┬ interface BaseProps
 │     └─┬ interfaces
 │       └── VeryBaseProps
 ├─┬ @scope/jsii-calc-base-of-base
 │ └─┬ types
 │   ├── class Very
 │   └── interface VeryBaseProps
 └─┬ @scope/jsii-calc-lib
   └─┬ types
     ├─┬ class Number
     │ ├── base: Value
     │ └── interfaces: IDoublable
     ├─┬ class Operation
     │ └── base: Value
     ├─┬ class Value
     │ └── base: Base
     ├── interface IDoublable
     ├── interface IFriendly
     ├── interface MyFirstStruct
     ├── interface StructWithOnlyOptionals
     └── enum EnumFromScopedModule
