assemblies
 ├─┬ jsii-calc
 │ └─┬ types
 │   ├── class AbstractClass
 │   ├── class AbstractClassBase
 │   ├── class AbstractClassReturner
 │   ├── class Add
 │   ├── class AllTypes
 │   ├── class AllowedMethodNames
 │   ├── class AsyncVirtualMethods
 │   ├── class AugmentableClass
 │   ├── class BinaryOperation
 │   ├── class Calculator
 │   ├── class ClassThatImplementsTheInternalInterface
 │   ├── class ClassThatImplementsThePrivateInterface
 │   ├── class ClassWithMutableObjectLiteralProperty
 │   ├── class ClassWithPrivateConstructorAndAutomaticProperties
 │   ├── class Constructors
 │   ├── class ConsumersOfThisCrazyTypeSystem
 │   ├── class DefaultedConstructorArgument
 │   ├── class Base
 │   ├── class Derived
 │   ├── class DoNotOverridePrivates
 │   ├── class DoNotRecognizeAnyAsOptional
 │   ├── class DontComplainAboutVariadicAfterOptional
 │   ├── class DoubleTrouble
 │   ├── class EraseUndefinedHashValues
 │   ├── class ExportedBaseClass
 │   ├── class GiveMeStructs
 │   ├── class GreetingAugmenter
 │   ├── class ImplementInternalInterface
 │   ├── class ImplementsInterfaceWithInternal
 │   ├── class ImplementsInterfaceWithInternalSubclass
 │   ├── class ImplementsPrivateInterface
 │   ├── class InbetweenClass
 │   ├── class Foo
 │   ├── class JSObjectLiteralForInterface
 │   ├── class JSObjectLiteralToNative
 │   ├── class JSObjectLiteralToNativeClass
 │   ├── class JavaReservedWords
 │   ├── class JsiiAgent
 │   ├── class Multiply
 │   ├── class Negate
 │   ├── class NodeStandardLibrary
 │   ├── class NullShouldBeTreatedAsUndefined
 │   ├── class NumberGenerator
 │   ├── class ObjectRefsInCollections
 │   ├── class OptionalConstructorArgument
 │   ├── class OverrideReturnsObject
 │   ├── class Polymorphism
 │   ├── class Power
 │   ├── class PublicClass
 │   ├── class PythonReservedWords
 │   ├── class ReferenceEnumFromScopedPackage
 │   ├── class ReturnsPrivateImplementationOfInterface
 │   ├── class RuntimeTypeChecking
 │   ├── class Statics
 │   ├── class StripInternal
 │   ├── class Sum
 │   ├── class SyncVirtualMethods
 │   ├── class Thrower
 │   ├── class UnaryOperation
 │   ├── class UseBundledDependency
 │   ├── class UseCalcBase
 │   ├── class UsesInterfaceWithProperties
 │   ├── class VariadicMethod
 │   ├── class VirtualMethodPlayground
 │   ├── class CompositeOperation
 │   ├── interface CalculatorProps
 │   ├── interface DerivedStruct
 │   ├── interface EraseUndefinedHashValuesOptions
 │   ├── interface ExtendsInternalInterface
 │   ├── interface ExtendsPrivateInterface
 │   ├── interface IAnotherPublicInterface
 │   ├── interface IFriendlier
 │   ├── interface IFriendlyRandomGenerator
 │   ├── interface IInterfaceThatShouldNotBeADataType
 │   ├── interface IInterfaceWithInternal
 │   ├── interface IInterfaceWithMethods
 │   ├── interface IInterfaceWithOptionalMethodArguments
 │   ├── interface IInterfaceWithProperties
 │   ├── interface IInterfaceWithPropertiesExtension
 │   ├── interface IMutableObjectLiteral
 │   ├── interface INonInternalInterface
 │   ├── interface IPrivatelyImplemented
 │   ├── interface IPublicInterface
 │   ├── interface IRandomNumberGenerator
 │   ├── interface IReturnsNumber
 │   ├── interface ImplictBaseOfBase
 │   ├── interface InterfaceImplementedByAbstractClass
 │   ├── interface Hello
 │   ├── interface Hello
 │   ├── interface LoadBalancedFargateServiceProps
 │   ├── interface NullShouldBeTreatedAsUndefinedData
 │   ├── interface UnionProperties
 │   ├── enum AllTypesEnum
 │   ├── enum StringEnum
 │   └── enum CompositionStringStyle
 ├─┬ @scope/jsii-calc-base
 │ └─┬ types
 │   ├── class Base
 │   └── interface BaseProps
 ├─┬ @scope/jsii-calc-base-of-base
 │ └─┬ types
 │   ├── class Very
 │   └── interface VeryBaseProps
 └─┬ @scope/jsii-calc-lib
   └─┬ types
     ├── class Number
     ├── class Operation
     ├── class Value
     ├── interface IDoublable
     ├── interface IFriendly
     ├── interface MyFirstStruct
     ├── interface StructWithOnlyOptionals
     └── enum EnumFromScopedModule
